hosts:
  - "172.217.0.0/16"
ports:
- inPort: 444
  name: tcp-444
  protocol: tcp

